// Jest Snapshot v1, https://goo.gl/fbAQLP

exports[`[connected] <ConnectedErrorPage /> renders correctly 1`] = `
<article
  class="ErrorPage"
>
  <h1>
    Page not found
  </h1>
  <div
    class="ErrorPage--content container"
  >
    <p>
      This page does not exist.
    </p>
  </div>
</article>
`;
